// Vitest Snapshot v1, https://vitest.dev/guide/snapshot.html

exports[`Snapshots > Components > CompodiumWelcomeExample > CompodiumWelcomeExampleWithShake 1`] = `
"<div data-v-29faf0c2="" class="data-[spin=true]:animate-spin data-[bounce=true]:animate-bounce shaker" data-spin="false" data-bounce="false">
  <div data-v-29faf0c2="" class="border border-(--ui-border) p-4 rounded-lg w-sm">
    <p data-v-29faf0c2="" class="text-center font-bold mb-4">Welcome!</p><button type="button" class="rounded-[calc(var(--ui-radius)*1.5)] font-medium inline-flex items-center disabled:cursor-not-allowed aria-disabled:cursor-not-allowed disabled:opacity-75 aria-disabled:opacity-75 transition-colors px-2.5 py-1.5 text-sm gap-1.5 w-full justify-center text-(--ui-text) hover:bg-(--ui-bg-elevated) focus:outline-none focus-visible:bg-(--ui-bg-elevated) hover:disabled:bg-transparent dark:hover:disabled:bg-transparent hover:aria-disabled:bg-transparent dark:hover:aria-disabled:bg-transparent"><span class="iconify i-lucide:rocket shrink-0 size-5" aria-hidden="true"></span> Go to Compodium
      <!--v-if-->
    </button>
    <div data-v-29faf0c2="" data-orientation="horizontal" role="separator" class="flex items-center align-center text-center w-full flex-row">
      <div class="border-(--ui-border) w-full border-solid border-t"></div>
      <div class="font-medium text-(--ui-text) flex mx-3 whitespace-nowrap"> or </div>
      <div class="border-(--ui-border) w-full border-solid border-t"></div>
    </div><button type="button" disabled="" class="rounded-[calc(var(--ui-radius)*1.5)] font-medium inline-flex items-center disabled:cursor-not-allowed aria-disabled:cursor-not-allowed disabled:opacity-75 aria-disabled:opacity-75 transition-colors px-2.5 py-1.5 text-sm gap-1.5 w-full justify-center text-(--ui-success) hover:bg-(--ui-success)/10 focus:outline-none focus-visible:bg-(--ui-success)/10 disabled:bg-transparent aria-disabled:bg-transparent dark:disabled:bg-transparent dark:aria-disabled:bg-transparent"><span class="iconify i-lineicons:nuxt shrink-0 size-5" aria-hidden="true"></span> Open in Nuxt Devtools
      <!--v-if-->
    </button>
  </div>
</div>"
`;

exports[`Snapshots > Components > CompodiumWelcomeExample > CompodiumWelcomeExampleWithSpin 1`] = `
"<div data-v-29faf0c2="" class="data-[spin=true]:animate-spin data-[bounce=true]:animate-bounce" data-spin="true" data-bounce="false">
  <div data-v-29faf0c2="" class="border border-(--ui-border) p-4 rounded-lg w-sm">
    <p data-v-29faf0c2="" class="text-center font-bold mb-4">Welcome!</p><button type="button" class="rounded-[calc(var(--ui-radius)*1.5)] font-medium inline-flex items-center disabled:cursor-not-allowed aria-disabled:cursor-not-allowed disabled:opacity-75 aria-disabled:opacity-75 transition-colors px-2.5 py-1.5 text-sm gap-1.5 w-full justify-center text-(--ui-text) hover:bg-(--ui-bg-elevated) focus:outline-none focus-visible:bg-(--ui-bg-elevated) hover:disabled:bg-transparent dark:hover:disabled:bg-transparent hover:aria-disabled:bg-transparent dark:hover:aria-disabled:bg-transparent"><span class="iconify i-lucide:rocket shrink-0 size-5" aria-hidden="true"></span> Go to Compodium
      <!--v-if-->
    </button>
    <div data-v-29faf0c2="" data-orientation="horizontal" role="separator" class="flex items-center align-center text-center w-full flex-row">
      <div class="border-(--ui-border) w-full border-solid border-t"></div>
      <div class="font-medium text-(--ui-text) flex mx-3 whitespace-nowrap"> or </div>
      <div class="border-(--ui-border) w-full border-solid border-t"></div>
    </div><button type="button" disabled="" class="rounded-[calc(var(--ui-radius)*1.5)] font-medium inline-flex items-center disabled:cursor-not-allowed aria-disabled:cursor-not-allowed disabled:opacity-75 aria-disabled:opacity-75 transition-colors px-2.5 py-1.5 text-sm gap-1.5 w-full justify-center text-(--ui-success) hover:bg-(--ui-success)/10 focus:outline-none focus-visible:bg-(--ui-success)/10 disabled:bg-transparent aria-disabled:bg-transparent dark:disabled:bg-transparent dark:aria-disabled:bg-transparent"><span class="iconify i-lineicons:nuxt shrink-0 size-5" aria-hidden="true"></span> Open in Nuxt Devtools
      <!--v-if-->
    </button>
  </div>
</div>"
`;
