// Vitest Snapshot v1, https://vitest.dev/guide/snapshot.html

exports[`basic > renders the index page 1`] = `
"<!DOCTYPE html>
<html lang="">
  <head>
    <script type="module" src="/@id/virtual:compodium:devtools"></script>

    <script type="module" src="/@vite/client"></script>

    <meta charset="UTF-8">
    <link rel="icon" href="/favicon.ico">
    <meta name="viewport" content="width=device-width, initial-scale=1.0">
    <title>Basic Vue Fixture</title>
  </head>
  <body>
    <div id="app"></div>
    <script type="module" src="/src/main.ts"></script>
  </body>
</html>
"
`;
